// Jest Snapshot v1, https://goo.gl/fbAQLP

exports[`Header renders correctly when isLogin is false 1`] = `
<section
  className="border-b-2 sticky top-0 bg-white z-10"
>
  <header
    className="flex justify-between items-center py-4 px-5 max-w-screen-xl m-auto"
  >
    <h1
      className="text-2xl font-bold cursor-pointer"
      onClick={[Function]}
    >
      Inforum
    </h1>
    <a
      href="/login"
      onClick={[Function]}
      onMouseEnter={[Function]}
      onTouchStart={[Function]}
    >
      <button
        className="bg-soma-blue-40 text-white px-3.5 py-2 rounded-3xl transition hover:bg-soma-blue-50 text-xs sm:text-sm   "
        onClick={[Function]}
      >
        로그인
      </button>
    </a>
  </header>
</section>
`;

exports[`Header renders correctly when isLogin is true 1`] = `
<section
  className="border-b-2 sticky top-0 bg-white z-10"
>
  <header
    className="flex justify-between items-center py-4 px-5 max-w-screen-xl m-auto"
  >
    <h1
      className="text-2xl font-bold cursor-pointer"
      onClick={[Function]}
    >
      Inforum
    </h1>
    <nav
      className="flex items-center gap-3 relative"
    >
      <img
        alt="search_icon"
        className="cursor-pointer"
        data-nimg="1"
        decoding="async"
        height={40}
        loading="lazy"
        onClick={[Function]}
        onError={[Function]}
        onLoad={[Function]}
        src="/_next/image?url=%2Fimg.jpg&w=96&q=75"
        srcSet="/_next/image?url=%2Fimg.jpg&w=48&q=75 1x, /_next/image?url=%2Fimg.jpg&w=96&q=75 2x"
        style={
          {
            "color": "transparent",
          }
        }
        width={40}
      />
      <button
        onClick={[Function]}
      >
        <img
          alt="profileImg"
          className="rounded-full w-8 h-8 object-cover"
          data-nimg="1"
          decoding="async"
          height={32}
          loading="lazy"
          onError={[Function]}
          onLoad={[Function]}
          src="/_next/image?url=%2Fimg.jpg&w=64&q=75"
          srcSet="/_next/image?url=%2Fimg.jpg&w=32&q=75 1x, /_next/image?url=%2Fimg.jpg&w=64&q=75 2x"
          style={
            {
              "color": "transparent",
            }
          }
          width={32}
        />
      </button>
      <nav
        className="absolute top-10 bg-white flex flex-col gap-1 rounded-lg shadow-inner z-10 invisible"
      >
        <button
          className="hover:bg-gray-200 p-2 rounded-t-lg"
          onClick={[Function]}
        >
          프로필
        </button>
        <button
          className="hover:bg-gray-200 p-2 rounded-t-lg"
          onClick={[Function]}
        >
          임시 글
        </button>
        <button
          className="hover:bg-gray-200 p-2 rounded-b-lg"
          onClick={[Function]}
        >
          로그아웃
        </button>
      </nav>
      <button
        className="bg-soma-blue-40 text-white px-3.5 py-2 rounded-3xl transition hover:bg-soma-blue-50 text-xs sm:text-sm   "
        onClick={[Function]}
      >
        글쓰기
      </button>
    </nav>
  </header>
</section>
`;
