// Jest Snapshot v1, https://goo.gl/fbAQLP

exports[`WhiteBtnWithCount renders correctly 1`] = `
<div
  className=""
>
  <button
    className="bg-white text-soma-blue-50 border-soma-grey-40 border-r-0 border-[1px] pl-3.5 pr-1 py-2 rounded-l-3xl transition hover:bg-soma-grey-40 text-xs sm:text-sm"
    onClick={[Function]}
    type="button"
  >
    text
  </button>
  <button
    className="bg-white text-soma-blue-50 border-soma-grey-40 border-l-0 border-[1px] pr-3.5 pl-1 py-2 rounded-r-3xl transition hover:bg-soma-grey-40 text-xs sm:text-sm"
    onClick={[Function]}
    type="button"
  >
    0
  </button>
</div>
`;
